[0m03:20:34.337054 [debug] [MainThread]: Sending event: {'category': 'dbt', 'action': 'invocation', 'label': 'start', 'context': [<snowplow_tracker.self_describing_json.SelfDescribingJson object at 0x72555df7c3e0>, <snowplow_tracker.self_describing_json.SelfDescribingJson object at 0x72555bd6b500>, <snowplow_tracker.self_describing_json.SelfDescribingJson object at 0x72555de23e60>]}


============================== 03:20:34.347506 | e8cfa9a4-e860-41a7-bd0f-0239a6a379c0 ==============================
[0m03:20:34.347506 [info ] [MainThread]: Running with dbt=1.11.12
[0m03:20:34.348665 [debug] [MainThread]: running dbt with arguments {'warn_error_options': 'WarnErrorOptionsV2(error=[], warn=[], silence=[])', 'version_check': 'True', 'indirect_selection': 'eager', 'warn_error': 'None', 'invocation_command': 'dbt init jz_warehouse', 'target_path': 'None', 'write_json': 'True', 'no_print': 'None', 'partial_parse': 'True', 'debug': 'False', 'use_colors': 'True', 'log_format': 'default', 'static_parser': 'True', 'use_experimental_parser': 'False', 'log_path': 'logs', 'quiet': 'False', 'profiles_dir': '/home/codespace/.dbt', 'send_anonymous_usage_stats': 'True', 'cache_selected_only': 'False', 'introspect': 'True', 'printer_width': '80', 'empty': 'None', 'log_cache_events': 'False', 'fail_fast': 'False'}
[0m03:20:34.364791 [info ] [MainThread]: Creating dbt configuration folder at /home/codespace/.dbt
[0m03:20:34.367329 [debug] [MainThread]: Starter project path: /workspaces/real-time-j-train-perfromance/warehouse/.venv/lib/python3.12/site-packages/dbt/include/starter_project
[0m03:20:34.372864 [info ] [MainThread]: 
Your new dbt project "jz_warehouse" was created!

For more information on how to configure the profiles.yml file,
please consult the dbt documentation here:

  https://docs.getdbt.com/docs/configure-your-profile

One more thing:

Need help? Don't hesitate to reach out to us via GitHub issues or on Slack:

  https://community.getdbt.com/

Happy modeling!

[0m03:20:34.373608 [info ] [MainThread]: Setting up your profile.
[0m03:21:13.376753 [info ] [MainThread]: Profile jz_warehouse written to /home/codespace/.dbt/profiles.yml using target's sample configuration. Once updated, you'll be able to start developing with dbt.
[0m03:21:13.378202 [debug] [MainThread]: Resource report: {"command_name": "init", "command_success": true, "command_wall_clock_time": 39.115307, "process_in_blocks": "4152", "process_kernel_time": 0.252599, "process_mem_max_rss": "139368", "process_out_blocks": "80", "process_user_time": 2.180839}
[0m03:21:13.378834 [debug] [MainThread]: Command `dbt init` succeeded at 03:21:13.378718 after 39.12 seconds
[0m03:21:13.379386 [debug] [MainThread]: Sending event: {'category': 'dbt', 'action': 'invocation', 'label': 'end', 'context': [<snowplow_tracker.self_describing_json.SelfDescribingJson object at 0x72555b92a360>, <snowplow_tracker.self_describing_json.SelfDescribingJson object at 0x72555b3e68d0>, <snowplow_tracker.self_describing_json.SelfDescribingJson object at 0x72555d1a47d0>]}
[0m03:21:13.379963 [debug] [MainThread]: Flushing usage events
[0m03:21:13.457948 [debug] [MainThread]: An error was encountered while trying to flush usage events
